---
source: crates/phactory/src/system/mod.rs
assertion_line: 1483
expression: effects
---
ExecSideEffects {
    pink_events: [
        (
            6a3692c6cfcbe9cb61fe0ee3649bac291f64d933a084a741900826f55b3960c5 (5ETy9Lid...),
            OnBlockEndSelector(
                2188995711,
            ),
        ),
    ],
    ink_events: [],
    instantiated: [
        (
            0101010101010101010101010101010101010101010101010101010101010101 (5C62Ck4U...),
            6a3692c6cfcbe9cb61fe0ee3649bac291f64d933a084a741900826f55b3960c5 (5ETy9Lid...),
        ),
    ],
}
