---
source: crates/phactory/src/system/mod.rs
assertion_line: 1515
expression: effects
---
ExecSideEffects {
    pink_events: [
        (
            6a3692c6cfcbe9cb61fe0ee3649bac291f64d933a084a741900826f55b3960c5 (5ETy9Lid...),
            Message(
                Message {
                    payload: [
                        102,
                        111,
                        111,
                    ],
                    topic: [
                        47,
                        98,
                        97,
                        114,
                    ],
                },
            ),
        ),
    ],
    ink_events: [],
    instantiated: [],
}
